// Jest Snapshot v1, https://goo.gl/fbAQLP

exports[`<BreadCrumbs /> render the breadcrumbs component 1`] = `
<nav
  className="bg-grey-light rounded font-sans w-full flex mb-4 items-start text-sm"
>
  <ol
    className="list-reset flex text-grey-dark"
  >
    <li>
      <Link
        className="text-black font-bold"
        to="#"
      >
        Home
      </Link>
    </li>
    <h3>
      Hello World
    </h3>
  </ol>
</nav>
`;
