// Jest Snapshot v1, https://goo.gl/fbAQLP

exports[`<Plus /> render the Plus component 1`] = `
<svg
  className="fill-current h-4 w-4 opacity-50"
  viewBox="0 0 20 20"
  xmlns="http://www.w3.org/2000/svg"
>
  <path
    d="M11 9h4v2h-4v4H9v-4H5V9h4V5h2v4zm-1 11a10 10 0 1 1 0-20 10 10 0 0 1 0 20zm0-2a8 8 0 1 0 0-16 8 8 0 0 0 0 16z"
  />
</svg>
`;
